Archive member included to satisfy reference by file (symbol)

c:/program files (x86)/atollic/truestudio for stm32 9.2.0/armtools/bin/../lib/gcc/arm-atollic-eabi/6.3.1/../../../../arm-atollic-eabi/lib/armv6-m\libc_nano.a(lib_a-init.o)
                              startup\startup_stm32l053xx.o (__libc_init_array)
c:/program files (x86)/atollic/truestudio for stm32 9.2.0/armtools/bin/../lib/gcc/arm-atollic-eabi/6.3.1/../../../../arm-atollic-eabi/lib/armv6-m\libc_nano.a(lib_a-memset.o)
                              Drivers\STM32L0xx_HAL_Driver\Src\stm32l0xx_hal_rcc.o (memset)
c:/program files (x86)/atollic/truestudio for stm32 9.2.0/armtools/bin/../lib/gcc/arm-atollic-eabi/6.3.1/armv6-m\libgcc.a(_thumb1_case_uqi.o)
                              Drivers\STM32L0xx_HAL_Driver\Src\stm32l0xx_hal_dma.o (__gnu_thumb1_case_uqi)
c:/program files (x86)/atollic/truestudio for stm32 9.2.0/armtools/bin/../lib/gcc/arm-atollic-eabi/6.3.1/armv6-m\libgcc.a(_thumb1_case_uhi.o)
                              Middlewares\ST\STM32_USB_Device_Library\Core\Src\usbd_ctlreq.o (__gnu_thumb1_case_uhi)
c:/program files (x86)/atollic/truestudio for stm32 9.2.0/armtools/bin/../lib/gcc/arm-atollic-eabi/6.3.1/armv6-m\libgcc.a(_udivsi3.o)
                              Drivers\STM32L0xx_HAL_Driver\Src\stm32l0xx_hal.o (__aeabi_uidiv)
c:/program files (x86)/atollic/truestudio for stm32 9.2.0/armtools/bin/../lib/gcc/arm-atollic-eabi/6.3.1/armv6-m\libgcc.a(_dvmd_tls.o)
                              c:/program files (x86)/atollic/truestudio for stm32 9.2.0/armtools/bin/../lib/gcc/arm-atollic-eabi/6.3.1/armv6-m\libgcc.a(_udivsi3.o) (__aeabi_idiv0)

Allocating common symbols
Common symbol       size              file

hUsbDeviceFS        0x29c             Src\usb_device.o
uwTick              0x4               Drivers\STM32L0xx_HAL_Driver\Src\stm32l0xx_hal.o
pFlash              0x18              Drivers\STM32L0xx_HAL_Driver\Src\stm32l0xx_hal_flash.o
UserRxBufferFS      0x3e8             Src\usbd_cdc_if.o
UserTxBufferFS      0x3e8             Src\usbd_cdc_if.o
hpcd_USB_FS         0x274             Src\usbd_conf.o
USBD_StrDesc        0x200             Src\usbd_desc.o

Discarded input sections

 .text          0x00000000        0x0 c:/program files (x86)/atollic/truestudio for stm32 9.2.0/armtools/bin/../lib/gcc/arm-atollic-eabi/6.3.1/armv6-m/crti.o
 .data          0x00000000        0x0 c:/program files (x86)/atollic/truestudio for stm32 9.2.0/armtools/bin/../lib/gcc/arm-atollic-eabi/6.3.1/armv6-m/crti.o
 .bss           0x00000000        0x0 c:/program files (x86)/atollic/truestudio for stm32 9.2.0/armtools/bin/../lib/gcc/arm-atollic-eabi/6.3.1/armv6-m/crti.o
 .data          0x00000000        0x4 c:/program files (x86)/atollic/truestudio for stm32 9.2.0/armtools/bin/../lib/gcc/arm-atollic-eabi/6.3.1/armv6-m/crtbegin.o
 .text          0x00000000        0x0 Drivers\STM32L0xx_HAL_Driver\Src\stm32l0xx_hal.o
 .data          0x00000000        0x0 Drivers\STM32L0xx_HAL_Driver\Src\stm32l0xx_hal.o
 .bss           0x00000000        0x0 Drivers\STM32L0xx_HAL_Driver\Src\stm32l0xx_hal.o
 .text.HAL_MspInit
                0x00000000        0x2 Drivers\STM32L0xx_HAL_Driver\Src\stm32l0xx_hal.o
 .text.HAL_MspDeInit
                0x00000000        0x2 Drivers\STM32L0xx_HAL_Driver\Src\stm32l0xx_hal.o
 .text.HAL_DeInit
                0x00000000       0x28 Drivers\STM32L0xx_HAL_Driver\Src\stm32l0xx_hal.o
 .text.HAL_Delay
                0x00000000       0x1e Drivers\STM32L0xx_HAL_Driver\Src\stm32l0xx_hal.o
 .text.HAL_SuspendTick
                0x00000000       0x10 Drivers\STM32L0xx_HAL_Driver\Src\stm32l0xx_hal.o
 .text.HAL_ResumeTick
                0x00000000       0x10 Drivers\STM32L0xx_HAL_Driver\Src\stm32l0xx_hal.o
 .text.HAL_GetHalVersion
                0x00000000        0x8 Drivers\STM32L0xx_HAL_Driver\Src\stm32l0xx_hal.o
 .text.HAL_GetREVID
                0x00000000        0xc Drivers\STM32L0xx_HAL_Driver\Src\stm32l0xx_hal.o
 .text.HAL_GetDEVID
                0x00000000       0x10 Drivers\STM32L0xx_HAL_Driver\Src\stm32l0xx_hal.o
 .text.HAL_GetUIDw0
                0x00000000        0xc Drivers\STM32L0xx_HAL_Driver\Src\stm32l0xx_hal.o
 .text.HAL_GetUIDw1
                0x00000000        0xc Drivers\STM32L0xx_HAL_Driver\Src\stm32l0xx_hal.o
 .text.HAL_GetUIDw2
                0x00000000        0xc Drivers\STM32L0xx_HAL_Driver\Src\stm32l0xx_hal.o
 .text.HAL_DBGMCU_EnableDBGSleepMode
                0x00000000       0x10 Drivers\STM32L0xx_HAL_Driver\Src\stm32l0xx_hal.o
 .text.HAL_DBGMCU_DisableDBGSleepMode
                0x00000000       0x10 Drivers\STM32L0xx_HAL_Driver\Src\stm32l0xx_hal.o
 .text.HAL_DBGMCU_EnableDBGStopMode
                0x00000000       0x10 Drivers\STM32L0xx_HAL_Driver\Src\stm32l0xx_hal.o
 .text.HAL_DBGMCU_DisableDBGStopMode
                0x00000000       0x10 Drivers\STM32L0xx_HAL_Driver\Src\stm32l0xx_hal.o
 .text.HAL_DBGMCU_EnableDBGStandbyMode
                0x00000000       0x10 Drivers\STM32L0xx_HAL_Driver\Src\stm32l0xx_hal.o
[...]
Memory Configuration

Name             Origin             Length             Attributes
RAM              0x20000000         0x00002000         xrw
FLASH            0x08000000         0x00010000         xr
*default*        0x00000000         0xffffffff

Linker script and memory map

LOAD c:/program files (x86)/atollic/truestudio for stm32 9.2.0/armtools/bin/../lib/gcc/arm-atollic-eabi/6.3.1/armv6-m/crti.o
LOAD c:/program files (x86)/atollic/truestudio for stm32 9.2.0/armtools/bin/../lib/gcc/arm-atollic-eabi/6.3.1/armv6-m/crtbegin.o
LOAD Drivers\STM32L0xx_HAL_Driver\Src\stm32l0xx_hal.o
LOAD Drivers\STM32L0xx_HAL_Driver\Src\stm32l0xx_hal_cortex.o
LOAD Drivers\STM32L0xx_HAL_Driver\Src\stm32l0xx_hal_dma.o
LOAD Drivers\STM32L0xx_HAL_Driver\Src\stm32l0xx_hal_flash.o
LOAD Drivers\STM32L0xx_HAL_Driver\Src\stm32l0xx_hal_flash_ex.o
LOAD Drivers\STM32L0xx_HAL_Driver\Src\stm32l0xx_hal_flash_ramfunc.o
LOAD Drivers\STM32L0xx_HAL_Driver\Src\stm32l0xx_hal_gpio.o
LOAD Drivers\STM32L0xx_HAL_Driver\Src\stm32l0xx_hal_i2c.o
LOAD Drivers\STM32L0xx_HAL_Driver\Src\stm32l0xx_hal_i2c_ex.o
LOAD Drivers\STM32L0xx_HAL_Driver\Src\stm32l0xx_hal_pcd.o
LOAD Drivers\STM32L0xx_HAL_Driver\Src\stm32l0xx_hal_pcd_ex.o
LOAD Drivers\STM32L0xx_HAL_Driver\Src\stm32l0xx_hal_pwr.o
LOAD Drivers\STM32L0xx_HAL_Driver\Src\stm32l0xx_hal_pwr_ex.o
LOAD Drivers\STM32L0xx_HAL_Driver\Src\stm32l0xx_hal_rcc.o
LOAD Drivers\STM32L0xx_HAL_Driver\Src\stm32l0xx_hal_rcc_ex.o
LOAD Drivers\STM32L0xx_HAL_Driver\Src\stm32l0xx_hal_tim.o
LOAD Drivers\STM32L0xx_HAL_Driver\Src\stm32l0xx_hal_tim_ex.o
LOAD Drivers\STM32L0xx_HAL_Driver\Src\stm32l0xx_ll_usb.o
LOAD Middlewares\ST\STM32_USB_Device_Library\Class\CDC\Src\usbd_cdc.o
LOAD Middlewares\ST\STM32_USB_Device_Library\Core\Src\usbd_core.o
LOAD Middlewares\ST\STM32_USB_Device_Library\Core\Src\usbd_ctlreq.o
LOAD Middlewares\ST\STM32_USB_Device_Library\Core\Src\usbd_ioreq.o
LOAD Src\main.o
LOAD Src\stm32l0xx_hal_msp.o
LOAD Src\stm32l0xx_it.o
LOAD Src\system_stm32l0xx.o
LOAD Src\usb_device.o
LOAD Src\usbd_cdc_if.o
LOAD Src\usbd_conf.o
LOAD Src\usbd_desc.o
LOAD startup\startup_stm32l053xx.o
                0x00000080                malloc_getpagesize_P = 0x80
START GROUP
LOAD c:/program files (x86)/atollic/truestudio for stm32 9.2.0/armtools/bin/../lib/gcc/arm-atollic-eabi/6.3.1/../../../../arm-atollic-eabi/lib/armv6-m\libc_nano.a
LOAD c:/program files (x86)/atollic/truestudio for stm32 9.2.0/armtools/bin/../lib/gcc/arm-atollic-eabi/6.3.1/../../../../arm-atollic-eabi/lib/armv6-m\libm.a
END GROUP
START GROUP
LOAD c:/program files (x86)/atollic/truestudio for stm32 9.2.0/armtools/bin/../lib/gcc/arm-atollic-eabi/6.3.1/armv6-m\libgcc.a
LOAD c:/program files (x86)/atollic/truestudio for stm32 9.2.0/armtools/bin/../lib/gcc/arm-atollic-eabi/6.3.1/../../../../arm-atollic-eabi/lib/armv6-m\libc_nano.a
END GROUP
START GROUP
LOAD c:/program files (x86)/atollic/truestudio for stm32 9.2.0/armtools/bin/../lib/gcc/arm-atollic-eabi/6.3.1/armv6-m\libgcc.a
LOAD c:/program files (x86)/atollic/truestudio for stm32 9.2.0/armtools/bin/../lib/gcc/arm-atollic-eabi/6.3.1/../../../../arm-atollic-eabi/lib/armv6-m\libc_nano.a
LOAD c:/program files (x86)/atollic/truestudio for stm32 9.2.0/armtools/bin/../lib/gcc/arm-atollic-eabi/6.3.1/../../../../arm-atollic-eabi/lib/armv6-m\libnosys.a
END GROUP
START GROUP
LOAD c:/program files (x86)/atollic/truestudio for stm32 9.2.0/armtools/bin/../lib/gcc/arm-atollic-eabi/6.3.1/armv6-m\libgcc.a
LOAD c:/program files (x86)/atollic/truestudio for stm32 9.2.0/armtools/bin/../lib/gcc/arm-atollic-eabi/6.3.1/../../../../arm-atollic-eabi/lib/armv6-m\libc_nano.a
LOAD c:/program files (x86)/atollic/truestudio for stm32 9.2.0/armtools/bin/../lib/gcc/arm-atollic-eabi/6.3.1/../../../../arm-atollic-eabi/lib/armv6-m\libnosys.a
END GROUP
LOAD c:/program files (x86)/atollic/truestudio for stm32 9.2.0/armtools/bin/../lib/gcc/arm-atollic-eabi/6.3.1/armv6-m/crtend.o
LOAD c:/program files (x86)/atollic/truestudio for stm32 9.2.0/armtools/bin/../lib/gcc/arm-atollic-eabi/6.3.1/armv6-m/crtn.o
                0x20002000                _estack = 0x20002000
                0x00000200                _Min_Heap_Size = 0x200
                0x00000400                _Min_Stack_Size = 0x400

.isr_vector     0x08000000       0xc0
                0x08000000                . = ALIGN (0x4)
 *(.isr_vector)
 .isr_vector    0x08000000       0xc0 startup\startup_stm32l053xx.o
                0x08000000                g_pfnVectors
                0x080000c0                . = ALIGN (0x4)

.text           0x080000c0     0x2d34
                0x080000c0                . = ALIGN (0x4)
 *(.text)
 .text          0x080000c0       0x48 c:/program files (x86)/atollic/truestudio for stm32 9.2.0/armtools/bin/../lib/gcc/arm-atollic-eabi/6.3.1/armv6-m/crtbegin.o
 .text          0x08000108       0x14 c:/program files (x86)/atollic/truestudio for stm32 9.2.0/armtools/bin/../lib/gcc/arm-atollic-eabi/6.3.1/armv6-m\libgcc.a(_thumb1_case_uqi.o)
                0x08000108                __gnu_thumb1_case_uqi
 .text          0x0800011c       0x14 c:/program files (x86)/atollic/truestudio for stm32 9.2.0/armtools/bin/../lib/gcc/arm-atollic-eabi/6.3.1/armv6-m\libgcc.a(_thumb1_case_uhi.o)
                0x0800011c                __gnu_thumb1_case_uhi
 .text          0x08000130      0x114 c:/program files (x86)/atollic/truestudio for stm32 9.2.0/armtools/bin/../lib/gcc/arm-atollic-eabi/6.3.1/armv6-m\libgcc.a(_udivsi3.o)
                0x08000130                __aeabi_uidiv
                0x08000130                __udivsi3
                0x0800023c                __aeabi_uidivmod
 .text          0x08000244        0x4 c:/program files (x86)/atollic/truestudio for stm32 9.2.0/armtools/bin/../lib/gcc/arm-atollic-eabi/6.3.1/armv6-m\libgcc.a(_dvmd_tls.o)
                0x08000244                __aeabi_idiv0
                0x08000244                __aeabi_ldiv0
 *(.text*)
 .text.HAL_InitTick
                0x08000248       0x30 Drivers\STM32L0xx_HAL_Driver\Src\stm32l0xx_hal.o
                0x08000248                HAL_InitTick
 .text.HAL_Init
                0x08000278       0x28 Drivers\STM32L0xx_HAL_Driver\Src\stm32l0xx_hal.o
                0x08000278                HAL_Init
 .text.HAL_IncTick
                0x080002a0       0x10 Drivers\STM32L0xx_HAL_Driver\Src\stm32l0xx_hal.o
                0x080002a0                HAL_IncTick
 .text.HAL_GetTick
                0x080002b0        0xc Drivers\STM32L0xx_HAL_Driver\Src\stm32l0xx_hal.o
                0x080002b0                HAL_GetTick
 .text.HAL_NVIC_SetPriority
                0x080002bc       0x60 Drivers\STM32L0xx_HAL_Driver\Src\stm32l0xx_hal_cortex.o
                0x080002bc                HAL_NVIC_SetPriority
 .text.HAL_NVIC_EnableIRQ
                0x0800031c       0x14 Drivers\STM32L0xx_HAL_Driver\Src\stm32l0xx_hal_cortex.o
                0x0800031c                HAL_NVIC_EnableIRQ
 .text.HAL_SYSTICK_Config
                0x08000330       0x34 Drivers\STM32L0xx_HAL_Driver\Src\stm32l0xx_hal_cortex.o
                0x08000330                HAL_SYSTICK_Config
 .text.HAL_GPIO_Init
                0x08000364      0x16c Drivers\STM32L0xx_HAL_Driver\Src\stm32l0xx_hal_gpio.o
                0x08000364                HAL_GPIO_Init
 .text.HAL_GPIO_WritePin
                0x080004d0        0xc Drivers\STM32L0xx_HAL_Driver\Src\stm32l0xx_hal_gpio.o
                0x080004d0                HAL_GPIO_WritePin
 .text.HAL_GPIO_TogglePin
                0x080004dc        0x8 Drivers\STM32L0xx_HAL_Driver\Src\stm32l0xx_hal_gpio.o
                0x080004dc                HAL_GPIO_TogglePin
 .text.HAL_PCD_Init
                0x080004e4       0xd8 Drivers\STM32L0xx_HAL_Driver\Src\stm32l0xx_hal_pcd.o
                0x080004e4                HAL_PCD_Init
 .text.HAL_PCD_Start
                0x080005bc       0x26 Drivers\STM32L0xx_HAL_Driver\Src\stm32l0xx_hal_pcd.o
                0x080005bc                HAL_PCD_Start
 .text.HAL_PCD_SetAddress
                0x080005e2       0x24 Drivers\STM32L0xx_HAL_Driver\Src\stm32l0xx_hal_pcd.o
                0x080005e2                HAL_PCD_SetAddress
 .text.HAL_PCD_EP_Open
                0x08000606       0x68 Drivers\STM32L0xx_HAL_Driver\Src\stm32l0xx_hal_pcd.o
                0x08000606                HAL_PCD_EP_Open
 .text.HAL_PCD_EP_Close
                0x0800066e       0x54 Drivers\STM32L0xx_HAL_Driver\Src\stm32l0xx_hal_pcd.o
                0x0800066e                HAL_PCD_EP_Close
 .text.HAL_PCD_EP_Receive
                0x080006c2       0x36 Drivers\STM32L0xx_HAL_Driver\Src\stm32l0xx_hal_pcd.o
                0x080006c2                HAL_PCD_EP_Receive
 .text.HAL_PCD_EP_GetRxCount
                0x080006f8        0xe Drivers\STM32L0xx_HAL_Driver\Src\stm32l0xx_hal_pcd.o
                0x080006f8                HAL_PCD_EP_GetRxCount
 .text.HAL_PCD_EP_Transmit
                0x08000706       0x2e Drivers\STM32L0xx_HAL_Driver\Src\stm32l0xx_hal_pcd.o
                0x08000706                HAL_PCD_EP_Transmit
 .text.HAL_PCD_IRQHandler
                0x08000734      0x470 Drivers\STM32L0xx_HAL_Driver\Src\stm32l0xx_hal_pcd.o
                0x08000734                HAL_PCD_IRQHandler
 .text.HAL_PCD_EP_SetStall
                0x08000ba4       0x6a Drivers\STM32L0xx_HAL_Driver\Src\stm32l0xx_hal_pcd.o
                0x08000ba4                HAL_PCD_EP_SetStall
 .text.HAL_PCD_EP_ClrStall
                0x08000c0e       0x62 Drivers\STM32L0xx_HAL_Driver\Src\stm32l0xx_hal_pcd.o
                0x08000c0e                HAL_PCD_EP_ClrStall
 .text.HAL_PCDEx_PMAConfig
                0x08000c70       0x30 Drivers\STM32L0xx_HAL_Driver\Src\stm32l0xx_hal_pcd_ex.o
                0x08000c70                HAL_PCDEx_PMAConfig
 .text.HAL_PCDEx_ActivateBCD
                0x08000ca0       0x1e Drivers\STM32L0xx_HAL_Driver\Src\stm32l0xx_hal_pcd_ex.o
                0x08000ca0                HAL_PCDEx_ActivateBCD
 .text.HAL_PCDEx_ActivateLPM
                0x08000cbe       0x28 Drivers\STM32L0xx_HAL_Driver\Src\stm32l0xx_hal_pcd_ex.o
                0x08000cbe                HAL_PCDEx_ActivateLPM
 .text.HAL_PCDEx_LPM_Callback
                0x08000ce6        0x2 Drivers\STM32L0xx_HAL_Driver\Src\stm32l0xx_hal_pcd_ex.o
                0x08000ce6                HAL_PCDEx_LPM_Callback
 .text.HAL_RCC_GetSysClockFreq
                0x08000ce8       0x78 Drivers\STM32L0xx_HAL_Driver\Src\stm32l0xx_hal_rcc.o
                0x08000ce8                HAL_RCC_GetSysClockFreq
 .text.HAL_RCC_OscConfig
                0x08000d60      0x508 Drivers\STM32L0xx_HAL_Driver\Src\stm32l0xx_hal_rcc.o
                0x08000d60                HAL_RCC_OscConfig
 .text.HAL_RCC_ClockConfig
                0x08001268      0x170 Drivers\STM32L0xx_HAL_Driver\Src\stm32l0xx_hal_rcc.o
                0x08001268                HAL_RCC_ClockConfig
 .text.HAL_RCCEx_PeriphCLKConfig
                0x080013d8      0x1bc Drivers\STM32L0xx_HAL_Driver\Src\stm32l0xx_hal_rcc_ex.o
                0x080013d8                HAL_RCCEx_PeriphCLKConfig
 .text.USB_EnableGlobalInt
                0x08001594       0x14 Drivers\STM32L0xx_HAL_Driver\Src\stm32l0xx_ll_usb.o
                0x08001594                USB_EnableGlobalInt
 .text.USB_DisableGlobalInt
                0x080015a8       0x14 Drivers\STM32L0xx_HAL_Driver\Src\stm32l0xx_ll_usb.o
                0x080015a8                USB_DisableGlobalInt
 .text.USB_DevInit
                0x080015bc       0x2c Drivers\STM32L0xx_HAL_Driver\Src\stm32l0xx_ll_usb.o
                0x080015bc                USB_DevInit
 .text.USB_ActivateEndpoint
                0x080015e8      0x284 Drivers\STM32L0xx_HAL_Driver\Src\stm32l0xx_ll_usb.o
                0x080015e8                USB_ActivateEndpoint
 .text.USB_DeactivateEndpoint
                0x0800186c      0x130 Drivers\STM32L0xx_HAL_Driver\Src\stm32l0xx_ll_usb.o
                0x0800186c                USB_DeactivateEndpoint
 .text.USB_EPSetStall
                0x0800199c       0x3c Drivers\STM32L0xx_HAL_Driver\Src\stm32l0xx_ll_usb.o
                0x0800199c                USB_EPSetStall
 .text.USB_EPClearStall
                0x080019d8       0x7c Drivers\STM32L0xx_HAL_Driver\Src\stm32l0xx_ll_usb.o
                0x080019d8                USB_EPClearStall
 .text.USB_SetDevAddress
                0x08001a54        0xe Drivers\STM32L0xx_HAL_Driver\Src\stm32l0xx_ll_usb.o
                0x08001a54                USB_SetDevAddress
 .text.USB_DevConnect
                0x08001a62       0x10 Drivers\STM32L0xx_HAL_Driver\Src\stm32l0xx_ll_usb.o
                0x08001a62                USB_DevConnect
 .text.USB_ReadInterrupts
                0x08001a72        0x8 Drivers\STM32L0xx_HAL_Driver\Src\stm32l0xx_ll_usb.o
                0x08001a72                USB_ReadInterrupts
 .text.USB_EP0_OutStart
                0x08001a7a        0x4 Drivers\STM32L0xx_HAL_Driver\Src\stm32l0xx_ll_usb.o
                0x08001a7a                USB_EP0_OutStart
 .text.USB_WritePMA
                0x08001a7e       0x28 Drivers\STM32L0xx_HAL_Driver\Src\stm32l0xx_ll_usb.o
                0x08001a7e                USB_WritePMA
 *fill*         0x08001aa6        0x2 
 .text.USB_EPStartXfer
                0x08001aa8      0x1b8 Drivers\STM32L0xx_HAL_Driver\Src\stm32l0xx_ll_usb.o
                0x08001aa8                USB_EPStartXfer
 .text.USB_ReadPMA
                0x08001c60       0x34 Drivers\STM32L0xx_HAL_Driver\Src\stm32l0xx_ll_usb.o
                0x08001c60                USB_ReadPMA
 .text.USBD_CDC_EP0_RxReady
                0x08001c94       0x30 Middlewares\ST\STM32_USB_Device_Library\Class\CDC\Src\usbd_cdc.o
 .text.USBD_CDC_GetFSCfgDesc
                0x08001cc4        0xc Middlewares\ST\STM32_USB_Device_Library\Class\CDC\Src\usbd_cdc.o
 .text.USBD_CDC_GetHSCfgDesc
                0x08001cd0        0xc Middlewares\ST\STM32_USB_Device_Library\Class\CDC\Src\usbd_cdc.o
 .text.USBD_CDC_GetOtherSpeedCfgDesc
                0x08001cdc        0xc Middlewares\ST\STM32_USB_Device_Library\Class\CDC\Src\usbd_cdc.o
 .text.USBD_CDC_GetDeviceQualifierDescriptor
                0x08001ce8        0xc Middlewares\ST\STM32_USB_Device_Library\Class\CDC\Src\usbd_cdc.o
                0x08001ce8                USBD_CDC_GetDeviceQualifierDescriptor
 .text.USBD_CDC_DataOut
                0x08001cf4       0x34 Middlewares\ST\STM32_USB_Device_Library\Class\CDC\Src\usbd_cdc.o
 .text.USBD_CDC_DataIn
                0x08001d28       0x52 Middlewares\ST\STM32_USB_Device_Library\Class\CDC\Src\usbd_cdc.o
 *fill*         0x08001d7a        0x2 
 .text.USBD_CDC_Setup
                0x08001d7c       0xc0 Middlewares\ST\STM32_USB_Device_Library\Class\CDC\Src\usbd_cdc.o
 .text.USBD_CDC_DeInit
                0x08001e3c       0x46 Middlewares\ST\STM32_USB_Device_Library\Class\CDC\Src\usbd_cdc.o
 .text.USBD_CDC_Init
                0x08001e82       0xa8 Middlewares\ST\STM32_USB_Device_Library\Class\CDC\Src\usbd_cdc.o
 .text.USBD_CDC_RegisterInterface
                0x08001f2a       0x12 Middlewares\ST\STM32_USB_Device_Library\Class\CDC\Src\usbd_cdc.o
                0x08001f2a                USBD_CDC_RegisterInterface
 .text.USBD_CDC_SetTxBuffer
                0x08001f3c       0x16 Middlewares\ST\STM32_USB_Device_Library\Class\CDC\Src\usbd_cdc.o
                0x08001f3c                USBD_CDC_SetTxBuffer
 .text.USBD_CDC_SetRxBuffer
                0x08001f52        0xe Middlewares\ST\STM32_USB_Device_Library\Class\CDC\Src\usbd_cdc.o
                0x08001f52                USBD_CDC_SetRxBuffer
 .text.USBD_CDC_TransmitPacket
                0x08001f60       0x38 Middlewares\ST\STM32_USB_Device_Library\Class\CDC\Src\usbd_cdc.o
                0x08001f60                USBD_CDC_TransmitPacket
 .text.USBD_CDC_ReceivePacket
                0x08001f98       0x34 Middlewares\ST\STM32_USB_Device_Library\Class\CDC\Src\usbd_cdc.o
                0x08001f98                USBD_CDC_ReceivePacket
 .text.USBD_Init
                0x08001fcc       0x34 Middlewares\ST\STM32_USB_Device_Library\Core\Src\usbd_core.o
                0x08001fcc                USBD_Init
 .text.USBD_RegisterClass
                0x08002000       0x12 Middlewares\ST\STM32_USB_Device_Library\Core\Src\usbd_core.o
                0x08002000                USBD_RegisterClass
 .text.USBD_Start
                0x08002012        0xa Middlewares\ST\STM32_USB_Device_Library\Core\Src\usbd_core.o
                0x08002012                USBD_Start
 .text.USBD_SetClassConfig
                0x0800201c       0x1a Middlewares\ST\STM32_USB_Device_Library\Core\Src\usbd_core.o
                0x0800201c                USBD_SetClassConfig
 .text.USBD_ClrClassConfig
                0x08002036       0x10 Middlewares\ST\STM32_USB_Device_Library\Core\Src\usbd_core.o
                0x08002036                USBD_ClrClassConfig
 *fill*         0x08002046        0x2 
 .text.USBD_LL_SetupStage
                0x08002048       0x64 Middlewares\ST\STM32_USB_Device_Library\Core\Src\usbd_core.o
                0x08002048                USBD_LL_SetupStage
 .text.USBD_LL_DataOutStage
                0x080020ac       0x88 Middlewares\ST\STM32_USB_Device_Library\Core\Src\usbd_core.o
                0x080020ac                USBD_LL_DataOutStage
 .text.USBD_LL_DataInStage
                0x08002134       0xc6 Middlewares\ST\STM32_USB_Device_Library\Core\Src\usbd_core.o
                0x08002134                USBD_LL_DataInStage
 .text.USBD_LL_Reset
                0x080021fa       0x54 Middlewares\ST\STM32_USB_Device_Library\Core\Src\usbd_core.o
                0x080021fa                USBD_LL_Reset
 .text.USBD_LL_SetSpeed
                0x0800224e        0x6 Middlewares\ST\STM32_USB_Device_Library\Core\Src\usbd_core.o
                0x0800224e                USBD_LL_SetSpeed
 .text.USBD_LL_Suspend
                0x08002254       0x18 Middlewares\ST\STM32_USB_Device_Library\Core\Src\usbd_core.o
                0x08002254                USBD_LL_Suspend
 .text.USBD_LL_Resume
                0x0800226c       0x10 Middlewares\ST\STM32_USB_Device_Library\Core\Src\usbd_core.o
                0x0800226c                USBD_LL_Resume
 .text.USBD_LL_SOF
                0x0800227c       0x1e Middlewares\ST\STM32_USB_Device_Library\Core\Src\usbd_core.o
                0x0800227c                USBD_LL_SOF
 .text.USBD_CtlError.constprop.1
                0x0800229a       0x14 Middlewares\ST\STM32_USB_Device_Library\Core\Src\usbd_ctlreq.o
 *fill*         0x080022ae        0x2 
 .text.USBD_StdDevReq
                0x080022b0      0x268 Middlewares\ST\STM32_USB_Device_Library\Core\Src\usbd_ctlreq.o
                0x080022b0                USBD_StdDevReq
 .text.USBD_StdItfReq
                0x08002518       0x54 Middlewares\ST\STM32_USB_Device_Library\Core\Src\usbd_ctlreq.o
                0x08002518                USBD_StdItfReq
 .text.USBD_StdEPReq
                0x0800256c      0x126 Middlewares\ST\STM32_USB_Device_Library\Core\Src\usbd_ctlreq.o
                0x0800256c                USBD_StdEPReq
 .text.USBD_ParseSetupRequest
                0x08002692       0x28 Middlewares\ST\STM32_USB_Device_Library\Core\Src\usbd_ctlreq.o
                0x08002692                USBD_ParseSetupRequest
 .text.USBD_CtlError
                0x080026ba       0x14 Middlewares\ST\STM32_USB_Device_Library\Core\Src\usbd_ctlreq.o
                0x080026ba                USBD_CtlError
 .text.USBD_GetString
                0x080026ce       0x3a Middlewares\ST\STM32_USB_Device_Library\Core\Src\usbd_ctlreq.o
                0x080026ce                USBD_GetString
 .text.USBD_CtlSendData
                0x08002708       0x1c Middlewares\ST\STM32_USB_Device_Library\Core\Src\usbd_ioreq.o
                0x08002708                USBD_CtlSendData
 .text.USBD_CtlContinueSendData
                0x08002724       0x10 Middlewares\ST\STM32_USB_Device_Library\Core\Src\usbd_ioreq.o
                0x08002724                USBD_CtlContinueSendData
 .text.USBD_CtlPrepareRx
                0x08002734       0x20 Middlewares\ST\STM32_USB_Device_Library\Core\Src\usbd_ioreq.o
                0x08002734                USBD_CtlPrepareRx
 .text.USBD_CtlContinueRx
                0x08002754       0x10 Middlewares\ST\STM32_USB_Device_Library\Core\Src\usbd_ioreq.o
                0x08002754                USBD_CtlContinueRx
 .text.USBD_CtlSendStatus
                0x08002764       0x18 Middlewares\ST\STM32_USB_Device_Library\Core\Src\usbd_ioreq.o
                0x08002764                USBD_CtlSendStatus
 .text.USBD_CtlReceiveStatus
                0x0800277c       0x18 Middlewares\ST\STM32_USB_Device_Library\Core\Src\usbd_ioreq.o
                0x0800277c                USBD_CtlReceiveStatus
 .text.SystemClock_Config
                0x08002794       0x7c Src\main.o
                0x08002794                SystemClock_Config
 .text.startup.main
                0x08002810       0x64 Src\main.o
                0x08002810                main
 .text.Error_Handler
                0x08002874        0x2 Src\main.o
                0x08002874                Error_Handler
 *fill*         0x08002876        0x2 
 .text.HAL_MspInit
                0x08002878       0x1c Src\stm32l0xx_hal_msp.o
                0x08002878                HAL_MspInit
 .text.NMI_Handler
                0x08002894        0x2 Src\stm32l0xx_it.o
                0x08002894                NMI_Handler
 .text.HardFault_Handler
                0x08002896        0x2 Src\stm32l0xx_it.o
                0x08002896                HardFault_Handler
 .text.SVC_Handler
                0x08002898        0x2 Src\stm32l0xx_it.o
                0x08002898                SVC_Handler
 .text.PendSV_Handler
                0x0800289a        0x2 Src\stm32l0xx_it.o
                0x0800289a                PendSV_Handler
 .text.SysTick_Handler
                0x0800289c        0x8 Src\stm32l0xx_it.o
                0x0800289c                SysTick_Handler
 .text.USB_IRQHandler
                0x080028a4       0x10 Src\stm32l0xx_it.o
                0x080028a4                USB_IRQHandler
 .text.SystemInit
                0x080028b4       0x5c Src\system_stm32l0xx.o
                0x080028b4                SystemInit
 .text.MX_USB_DEVICE_Init
                0x08002910       0x38 Src\usb_device.o
                0x08002910                MX_USB_DEVICE_Init
 .text.CDC_DeInit_FS
                0x08002948        0x4 Src\usbd_cdc_if.o
 .text.CDC_Control_FS
                0x0800294c        0x4 Src\usbd_cdc_if.o
 .text.CDC_Init_FS
                0x08002950       0x28 Src\usbd_cdc_if.o
 .text.CDC_Transmit_FS
                0x08002978       0x2c Src\usbd_cdc_if.o
                0x08002978                CDC_Transmit_FS
 .text.CDC_Receive_FS
                0x080029a4       0x40 Src\usbd_cdc_if.o
 .text.HAL_PCD_MspInit
                0x080029e4       0x30 Src\usbd_conf.o
                0x080029e4                HAL_PCD_MspInit
 .text.HAL_PCD_SetupStageCallback
                0x08002a14       0x12 Src\usbd_conf.o
                0x08002a14                HAL_PCD_SetupStageCallback
 .text.HAL_PCD_DataOutStageCallback
                0x08002a26       0x16 Src\usbd_conf.o
                0x08002a26                HAL_PCD_DataOutStageCallback
 .text.HAL_PCD_DataInStageCallback
                0x08002a3c       0x14 Src\usbd_conf.o
                0x08002a3c                HAL_PCD_DataInStageCallback
 .text.HAL_PCD_SOFCallback
                0x08002a50        0xe Src\usbd_conf.o
                0x08002a50                HAL_PCD_SOFCallback
 .text.HAL_PCD_ResetCallback
                0x08002a5e       0x18 Src\usbd_conf.o
                0x08002a5e                HAL_PCD_ResetCallback
 *fill*         0x08002a76        0x2 
 .text.HAL_PCD_SuspendCallback
                0x08002a78       0x24 Src\usbd_conf.o
                0x08002a78                HAL_PCD_SuspendCallback
 .text.HAL_PCD_ResumeCallback
                0x08002a9c       0x28 Src\usbd_conf.o
                0x08002a9c                HAL_PCD_ResumeCallback
 .text.USBD_LL_Init
                0x08002ac4       0x84 Src\usbd_conf.o
                0x08002ac4                USBD_LL_Init
 .text.USBD_LL_Start
                0x08002b48       0x20 Src\usbd_conf.o
                0x08002b48                USBD_LL_Start
 .text.USBD_LL_OpenEP
                0x08002b68       0x24 Src\usbd_conf.o
                0x08002b68                USBD_LL_OpenEP
 .text.USBD_LL_CloseEP
                0x08002b8c       0x20 Src\usbd_conf.o
                0x08002b8c                USBD_LL_CloseEP
 .text.USBD_LL_StallEP
                0x08002bac       0x20 Src\usbd_conf.o
                0x08002bac                USBD_LL_StallEP
 .text.USBD_LL_ClearStallEP
                0x08002bcc       0x20 Src\usbd_conf.o
                0x08002bcc                USBD_LL_ClearStallEP
 .text.USBD_LL_IsStallEP
                0x08002bec       0x24 Src\usbd_conf.o
                0x08002bec                USBD_LL_IsStallEP
 .text.USBD_LL_SetUSBAddress
                0x08002c10       0x20 Src\usbd_conf.o
                0x08002c10                USBD_LL_SetUSBAddress
 .text.USBD_LL_Transmit
                0x08002c30       0x20 Src\usbd_conf.o
                0x08002c30                USBD_LL_Transmit
 .text.USBD_LL_PrepareReceive
                0x08002c50       0x20 Src\usbd_conf.o
                0x08002c50                USBD_LL_PrepareReceive
 .text.USBD_LL_GetRxDataSize
                0x08002c70        0xe Src\usbd_conf.o
                0x08002c70                USBD_LL_GetRxDataSize
 *fill*         0x08002c7e        0x2 
 .text.USBD_static_malloc
                0x08002c80        0x8 Src\usbd_conf.o
                0x08002c80                USBD_static_malloc
 .text.USBD_static_free
                0x08002c88        0x2 Src\usbd_conf.o
                0x08002c88                USBD_static_free
 *fill*         0x08002c8a        0x2 
 .text.USBD_FS_DeviceDescriptor
                0x08002c8c        0xc Src\usbd_desc.o
                0x08002c8c                USBD_FS_DeviceDescriptor
 .text.USBD_FS_LangIDStrDescriptor
                0x08002c98        0xc Src\usbd_desc.o
                0x08002c98                USBD_FS_LangIDStrDescriptor
 .text.USBD_FS_ManufacturerStrDescriptor
                0x08002ca4       0x1c Src\usbd_desc.o
                0x08002ca4                USBD_FS_ManufacturerStrDescriptor
 .text.USBD_FS_ProductStrDescriptor
                0x08002cc0       0x1c Src\usbd_desc.o
                0x08002cc0                USBD_FS_ProductStrDescriptor
 .text.USBD_FS_SerialStrDescriptor
                0x08002cdc       0x1c Src\usbd_desc.o
                0x08002cdc                USBD_FS_SerialStrDescriptor
 .text.USBD_FS_ConfigStrDescriptor
                0x08002cf8       0x1c Src\usbd_desc.o
                0x08002cf8                USBD_FS_ConfigStrDescriptor
 .text.USBD_FS_InterfaceStrDescriptor
                0x08002d14       0x1c Src\usbd_desc.o
                0x08002d14                USBD_FS_InterfaceStrDescriptor
 .text.Reset_Handler
                0x08002d30       0x50 startup\startup_stm32l053xx.o
                0x08002d30                Reset_Handler
 .text.Default_Handler
                0x08002d80        0x2 startup\startup_stm32l053xx.o
                0x08002d80                TSC_IRQHandler
                0x08002d80                ADC1_COMP_IRQHandler
                0x08002d80                PVD_IRQHandler
                0x08002d80                I2C1_IRQHandler
                0x08002d80                RCC_CRS_IRQHandler
                0x08002d80                SPI1_IRQHandler
                0x08002d80                TIM6_DAC_IRQHandler
                0x08002d80                EXTI2_3_IRQHandler
                0x08002d80                I2C2_IRQHandler
                0x08002d80                RTC_IRQHandler
                0x08002d80                LCD_IRQHandler
                0x08002d80                DMA1_Channel4_5_6_7_IRQHandler
                0x08002d80                EXTI4_15_IRQHandler
                0x08002d80                DMA1_Channel1_IRQHandler
                0x08002d80                Default_Handler
                0x08002d80                TIM22_IRQHandler
                0x08002d80                EXTI0_1_IRQHandler
                0x08002d80                SPI2_IRQHandler
                0x08002d80                TIM21_IRQHandler
                0x08002d80                WWDG_IRQHandler
                0x08002d80                TIM2_IRQHandler
                0x08002d80                DMA1_Channel2_3_IRQHandler
                0x08002d80                USART2_IRQHandler
                0x08002d80                FLASH_IRQHandler
                0x08002d80                USART1_IRQHandler
                0x08002d80                RNG_LPUART1_IRQHandler
                0x08002d80                LPTIM1_IRQHandler
 *fill*         0x08002d82        0x2 
 .text.__libc_init_array
                0x08002d84       0x48 c:/program files (x86)/atollic/truestudio for stm32 9.2.0/armtools/bin/../lib/gcc/arm-atollic-eabi/6.3.1/../../../../arm-atollic-eabi/lib/armv6-m\libc_nano.a(lib_a-init.o)
                0x08002d84                __libc_init_array
 .text.memset   0x08002dcc       0x10 c:/program files (x86)/atollic/truestudio for stm32 9.2.0/armtools/bin/../lib/gcc/arm-atollic-eabi/6.3.1/../../../../arm-atollic-eabi/lib/armv6-m\libc_nano.a(lib_a-memset.o)
                0x08002dcc                memset
 *(.glue_7)
 .glue_7        0x08002ddc        0x0 linker stubs
 *(.glue_7t)
 .glue_7t       0x08002ddc        0x0 linker stubs
 *(.eh_frame)
 .eh_frame      0x08002ddc        0x0 c:/program files (x86)/atollic/truestudio for stm32 9.2.0/armtools/bin/../lib/gcc/arm-atollic-eabi/6.3.1/armv6-m/crtbegin.o
 *(.init)
 .init          0x08002ddc        0x4 c:/program files (x86)/atollic/truestudio for stm32 9.2.0/armtools/bin/../lib/gcc/arm-atollic-eabi/6.3.1/armv6-m/crti.o
                0x08002ddc                _init
 .init          0x08002de0        0x8 c:/program files (x86)/atollic/truestudio for stm32 9.2.0/armtools/bin/../lib/gcc/arm-atollic-eabi/6.3.1/armv6-m/crtn.o
 *(.fini)
 .fini          0x08002de8        0x4 c:/program files (x86)/atollic/truestudio for stm32 9.2.0/armtools/bin/../lib/gcc/arm-atollic-eabi/6.3.1/armv6-m/crti.o
                0x08002de8                _fini
 .fini          0x08002dec        0x8 c:/program files (x86)/atollic/truestudio for stm32 9.2.0/armtools/bin/../lib/gcc/arm-atollic-eabi/6.3.1/armv6-m/crtn.o
                0x08002df4                . = ALIGN (0x4)
                0x08002df4                _etext = .

.vfp11_veneer   0x08002df4        0x0
 .vfp11_veneer  0x08002df4        0x0 linker stubs

.v4_bx          0x08002df4        0x0
 .v4_bx         0x08002df4        0x0 linker stubs

.iplt           0x08002df4        0x0
 .iplt          0x08002df4        0x0 c:/program files (x86)/atollic/truestudio for stm32 9.2.0/armtools/bin/../lib/gcc/arm-atollic-eabi/6.3.1/armv6-m/crtbegin.o

.rodata         0x08002df4       0x6c
                0x08002df4                . = ALIGN (0x4)
 *(.rodata)
 *(.rodata*)
 .rodata.AHBPrescTable
                0x08002df4       0x10 Src\system_stm32l0xx.o
                0x08002df4                AHBPrescTable
 .rodata.PLLMulTable
                0x08002e04        0x9 Src\system_stm32l0xx.o
                0x08002e04                PLLMulTable
 .rodata.CSWTCH.38
                0x08002e0d        0x4 Src\usbd_conf.o
 .rodata.USBD_FS_ConfigStrDescriptor.str1.1
                0x08002e11        0xb Src\usbd_desc.o
 .rodata.USBD_FS_InterfaceStrDescriptor.str1.1
                0x08002e1c        0xe Src\usbd_desc.o
 .rodata.USBD_FS_ManufacturerStrDescriptor.str1.1
                0x08002e2a       0x13 Src\usbd_desc.o
 .rodata.USBD_FS_ProductStrDescriptor.str1.1
                0x08002e3d       0x16 Src\usbd_desc.o
 .rodata.USBD_FS_SerialStrDescriptor.str1.1
                0x08002e53        0xd Src\usbd_desc.o
                0x08002e60                . = ALIGN (0x4)

.rel.dyn        0x08002e60        0x0
 .rel.iplt      0x08002e60        0x0 c:/program files (x86)/atollic/truestudio for stm32 9.2.0/armtools/bin/../lib/gcc/arm-atollic-eabi/6.3.1/armv6-m/crtbegin.o

.ARM.extab
 *(.ARM.extab* .gnu.linkonce.armextab.*)

.ARM            0x08002e60        0x0
                0x08002e60                __exidx_start = .
 *(.ARM.exidx*)
                0x08002e60                __exidx_end = .

.preinit_array  0x08002e60        0x0
                0x08002e60                PROVIDE (__preinit_array_start, .)
 *(.preinit_array*)
                0x08002e60                PROVIDE (__preinit_array_end, .)

.init_array     0x08002e60        0x4
                0x08002e60                PROVIDE (__init_array_start, .)
 *(SORT(.init_array.*))
 *(.init_array*)
 .init_array    0x08002e60        0x4 c:/program files (x86)/atollic/truestudio for stm32 9.2.0/armtools/bin/../lib/gcc/arm-atollic-eabi/6.3.1/armv6-m/crtbegin.o
                0x08002e64                PROVIDE (__init_array_end, .)

.fini_array     0x08002e64        0x4
                [!provide]                PROVIDE (__fini_array_start, .)
 *(SORT(.fini_array.*))
 *(.fini_array*)
 .fini_array    0x08002e64        0x4 c:/program files (x86)/atollic/truestudio for stm32 9.2.0/armtools/bin/../lib/gcc/arm-atollic-eabi/6.3.1/armv6-m/crtbegin.o
                [!provide]                PROVIDE (__fini_array_end, .)
                0x08002e68                _sidata = LOADADDR (.data)

.data           0x20000000      0x1c4 load address 0x08002e68
                0x20000000                . = ALIGN (0x4)
                0x20000000                _sdata = .
 *(.data)
 *(.data*)
 .data.USBD_CDC
                0x20000000       0x38 Middlewares\ST\STM32_USB_Device_Library\Class\CDC\Src\usbd_cdc.o
                0x20000000                USBD_CDC
 .data.USBD_CDC_CfgFSDesc
                0x20000038       0x43 Middlewares\ST\STM32_USB_Device_Library\Class\CDC\Src\usbd_cdc.o
                0x20000038                USBD_CDC_CfgFSDesc
 *fill*         0x2000007b        0x1 
 .data.USBD_CDC_CfgHSDesc
                0x2000007c       0x43 Middlewares\ST\STM32_USB_Device_Library\Class\CDC\Src\usbd_cdc.o
                0x2000007c                USBD_CDC_CfgHSDesc
 *fill*         0x200000bf        0x1 
 .data.USBD_CDC_DeviceQualifierDesc
                0x200000c0        0xa Middlewares\ST\STM32_USB_Device_Library\Class\CDC\Src\usbd_cdc.o
 *fill*         0x200000ca        0x2 
 .data.USBD_CDC_OtherSpeedCfgDesc
                0x200000cc       0x43 Middlewares\ST\STM32_USB_Device_Library\Class\CDC\Src\usbd_cdc.o
                0x200000cc                USBD_CDC_OtherSpeedCfgDesc
 *fill*         0x2000010f        0x1 
 .data.SystemCoreClock
                0x20000110        0x4 Src\system_stm32l0xx.o
                0x20000110                SystemCoreClock
 .data.USBD_Interface_fops_FS
                0x20000114       0x10 Src\usbd_cdc_if.o
                0x20000114                USBD_Interface_fops_FS
 .data.buffer1  0x20000124       0x6c Src\usbd_cdc_if.o
                0x20000124                buffer1
 .data.FS_Desc  0x20000190       0x1c Src\usbd_desc.o
                0x20000190                FS_Desc
 .data.USBD_FS_DeviceDesc
                0x200001ac       0x12 Src\usbd_desc.o
                0x200001ac                USBD_FS_DeviceDesc
 *fill*         0x200001be        0x2 
 .data.USBD_LangIDDesc
                0x200001c0        0x4 Src\usbd_desc.o
                0x200001c0                USBD_LangIDDesc
                0x200001c4                . = ALIGN (0x4)
                0x200001c4                _edata = .

.igot.plt       0x200001c4        0x0 load address 0x0800302c
 .igot.plt      0x200001c4        0x0 c:/program files (x86)/atollic/truestudio for stm32 9.2.0/armtools/bin/../lib/gcc/arm-atollic-eabi/6.3.1/armv6-m/crtbegin.o
                0x200001c4                . = ALIGN (0x4)

.bss            0x200001c4     0x1124 load address 0x0800302c
                0x200001c4                _sbss = .
                0x200001c4                __bss_start__ = _sbss
 *(.bss)
 .bss           0x200001c4       0x1c c:/program files (x86)/atollic/truestudio for stm32 9.2.0/armtools/bin/../lib/gcc/arm-atollic-eabi/6.3.1/armv6-m/crtbegin.o
 *(.bss*)
 .bss.cfgidx.7690
                0x200001e0        0x1 Middlewares\ST\STM32_USB_Device_Library\Core\Src\usbd_ctlreq.o
 *fill*         0x200001e1        0x3 
 .bss.mem.7829  0x200001e4      0x220 Src\usbd_conf.o
 *(COMMON)
 COMMON         0x20000404        0x4 Drivers\STM32L0xx_HAL_Driver\Src\stm32l0xx_hal.o
                0x20000404                uwTick
 COMMON         0x20000408      0x29c Src\usb_device.o
                0x20000408                hUsbDeviceFS
 COMMON         0x200006a4      0x7d0 Src\usbd_cdc_if.o
                0x200006a4                UserRxBufferFS
                0x20000a8c                UserTxBufferFS
 COMMON         0x20000e74      0x274 Src\usbd_conf.o
                0x20000e74                hpcd_USB_FS
 COMMON         0x200010e8      0x200 Src\usbd_desc.o
                0x200010e8                USBD_StrDesc
                0x200012e8                . = ALIGN (0x4)
                0x200012e8                _ebss = .
                0x200012e8                __bss_end__ = _ebss

._user_heap_stack
                0x200012e8      0x600 load address 0x0800302c
                0x200012e8                . = ALIGN (0x4)
                [!provide]                PROVIDE (end, .)
                [!provide]                PROVIDE (_end, .)
                0x200014e8                . = (. + _Min_Heap_Size)
 *fill*         0x200012e8      0x200 
                0x200018e8                . = (. + _Min_Stack_Size)
 *fill*         0x200014e8      0x400 
                0x200018e8                . = ALIGN (0x4)

/DISCARD/
 libc.a(*)
 libm.a(*)
 libgcc.a(*)

.ARM.attributes
                0x00000000       0x28
 *(.ARM.attributes)
 .ARM.attributes
                0x00000000       0x1e c:/program files (x86)/atollic/truestudio for stm32 9.2.0/armtools/bin/../lib/gcc/arm-atollic-eabi/6.3.1/armv6-m/crti.o
 .ARM.attributes
                0x0000001e       0x2c c:/program files (x86)/atollic/truestudio for stm32 9.2.0/armtools/bin/../lib/gcc/arm-atollic-eabi/6.3.1/armv6-m/crtbegin.o
 .ARM.attributes
                0x0000004a       0x32 Drivers\STM32L0xx_HAL_Driver\Src\stm32l0xx_hal.o
 .ARM.attributes
                0x0000007c       0x32 Drivers\STM32L0xx_HAL_Driver\Src\stm32l0xx_hal_cortex.o
 .ARM.attributes
                0x000000ae       0x32 Drivers\STM32L0xx_HAL_Driver\Src\stm32l0xx_hal_gpio.o
 .ARM.attributes
                0x000000e0       0x32 Drivers\STM32L0xx_HAL_Driver\Src\stm32l0xx_hal_pcd.o
 .ARM.attributes
                0x00000112       0x32 Drivers\STM32L0xx_HAL_Driver\Src\stm32l0xx_hal_pcd_ex.o
 .ARM.attributes
                0x00000144       0x32 Drivers\STM32L0xx_HAL_Driver\Src\stm32l0xx_hal_rcc.o
 .ARM.attributes
                0x00000176       0x32 Drivers\STM32L0xx_HAL_Driver\Src\stm32l0xx_hal_rcc_ex.o
 .ARM.attributes
                0x000001a8       0x32 Drivers\STM32L0xx_HAL_Driver\Src\stm32l0xx_ll_usb.o
 .ARM.attributes
                0x000001da       0x32 Middlewares\ST\STM32_USB_Device_Library\Class\CDC\Src\usbd_cdc.o
 .ARM.attributes
                0x0000020c       0x32 Middlewares\ST\STM32_USB_Device_Library\Core\Src\usbd_core.o
 .ARM.attributes
                0x0000023e       0x32 Middlewares\ST\STM32_USB_Device_Library\Core\Src\usbd_ctlreq.o
 .ARM.attributes
                0x00000270       0x32 Middlewares\ST\STM32_USB_Device_Library\Core\Src\usbd_ioreq.o
 .ARM.attributes
                0x000002a2       0x32 Src\main.o
 .ARM.attributes
                0x000002d4       0x32 Src\stm32l0xx_hal_msp.o
 .ARM.attributes
                0x00000306       0x32 Src\stm32l0xx_it.o
 .ARM.attributes
                0x00000338       0x32 Src\system_stm32l0xx.o
 .ARM.attributes
                0x0000036a       0x32 Src\usb_device.o
 .ARM.attributes
                0x0000039c       0x32 Src\usbd_cdc_if.o
 .ARM.attributes
                0x000003ce       0x32 Src\usbd_conf.o
 .ARM.attributes
                0x00000400       0x32 Src\usbd_desc.o
 .ARM.attributes
                0x00000432       0x22 startup\startup_stm32l053xx.o
 .ARM.attributes
                0x00000454       0x2c c:/program files (x86)/atollic/truestudio for stm32 9.2.0/armtools/bin/../lib/gcc/arm-atollic-eabi/6.3.1/../../../../arm-atollic-eabi/lib/armv6-m\libc_nano.a(lib_a-init.o)
 .ARM.attributes
                0x00000480       0x2c c:/program files (x86)/atollic/truestudio for stm32 9.2.0/armtools/bin/../lib/gcc/arm-atollic-eabi/6.3.1/../../../../arm-atollic-eabi/lib/armv6-m\libc_nano.a(lib_a-memset.o)
 .ARM.attributes
                0x000004ac       0x1e c:/program files (x86)/atollic/truestudio for stm32 9.2.0/armtools/bin/../lib/gcc/arm-atollic-eabi/6.3.1/armv6-m\libgcc.a(_thumb1_case_uqi.o)
 .ARM.attributes
                0x000004ca       0x1e c:/program files (x86)/atollic/truestudio for stm32 9.2.0/armtools/bin/../lib/gcc/arm-atollic-eabi/6.3.1/armv6-m\libgcc.a(_thumb1_case_uhi.o)
 .ARM.attributes
                0x000004e8       0x1e c:/program files (x86)/atollic/truestudio for stm32 9.2.0/armtools/bin/../lib/gcc/arm-atollic-eabi/6.3.1/armv6-m\libgcc.a(_udivsi3.o)
 .ARM.attributes
                0x00000506       0x1e c:/program files (x86)/atollic/truestudio for stm32 9.2.0/armtools/bin/../lib/gcc/arm-atollic-eabi/6.3.1/armv6-m\libgcc.a(_dvmd_tls.o)
 .ARM.attributes
                0x00000524       0x1e c:/program files (x86)/atollic/truestudio for stm32 9.2.0/armtools/bin/../lib/gcc/arm-atollic-eabi/6.3.1/armv6-m/crtn.o
OUTPUT(USB_Test1.elf elf32-littlearm)

.debug_info     0x00000000    0x11ea9
 .debug_info    0x00000000      0x865 Drivers\STM32L0xx_HAL_Driver\Src\stm32l0xx_hal.o
 .debug_info    0x00000865      0x9b5 Drivers\STM32L0xx_HAL_Driver\Src\stm32l0xx_hal_cortex.o
 .debug_info    0x0000121a      0x6d2 Drivers\STM32L0xx_HAL_Driver\Src\stm32l0xx_hal_gpio.o
 .debug_info    0x000018ec     0x129f Drivers\STM32L0xx_HAL_Driver\Src\stm32l0xx_hal_pcd.o
 .debug_info    0x00002b8b      0x921 Drivers\STM32L0xx_HAL_Driver\Src\stm32l0xx_hal_pcd_ex.o
 .debug_info    0x000034ac      0xbfe Drivers\STM32L0xx_HAL_Driver\Src\stm32l0xx_hal_rcc.o
 .debug_info    0x000040aa      0x8c0 Drivers\STM32L0xx_HAL_Driver\Src\stm32l0xx_hal_rcc_ex.o
 .debug_info    0x0000496a     0x1551 Drivers\STM32L0xx_HAL_Driver\Src\stm32l0xx_ll_usb.o
 .debug_info    0x00005ebb     0x1a5b Middlewares\ST\STM32_USB_Device_Library\Class\CDC\Src\usbd_cdc.o
 .debug_info    0x00007916     0x14e7 Middlewares\ST\STM32_USB_Device_Library\Core\Src\usbd_core.o
 .debug_info    0x00008dfd     0x1506 Middlewares\ST\STM32_USB_Device_Library\Core\Src\usbd_ctlreq.o
 .debug_info    0x0000a303      0xfe1 Middlewares\ST\STM32_USB_Device_Library\Core\Src\usbd_ioreq.o
 .debug_info    0x0000b2e4     0x1052 Src\main.o
 .debug_info    0x0000c336      0x25e Src\stm32l0xx_hal_msp.o
 .debug_info    0x0000c594      0x664 Src\stm32l0xx_it.o
 .debug_info    0x0000cbf8      0x398 Src\system_stm32l0xx.o
 .debug_info    0x0000cf90      0xe92 Src\usb_device.o
 .debug_info    0x0000de22     0x1252 Src\usbd_cdc_if.o
 .debug_info    0x0000f074     0x2035 Src\usbd_conf.o
 .debug_info    0x000110a9      0xd74 Src\usbd_desc.o
 .debug_info    0x00011e1d       0x8c startup\startup_stm32l053xx.o

.debug_abbrev   0x00000000     0x306d
 .debug_abbrev  0x00000000      0x28c Drivers\STM32L0xx_HAL_Driver\Src\stm32l0xx_hal.o
 .debug_abbrev  0x0000028c      0x266 Drivers\STM32L0xx_HAL_Driver\Src\stm32l0xx_hal_cortex.o
 .debug_abbrev  0x000004f2      0x1ca Drivers\STM32L0xx_HAL_Driver\Src\stm32l0xx_hal_gpio.o
 .debug_abbrev  0x000006bc      0x303 Drivers\STM32L0xx_HAL_Driver\Src\stm32l0xx_hal_pcd.o
 .debug_abbrev  0x000009bf      0x256 Drivers\STM32L0xx_HAL_Driver\Src\stm32l0xx_hal_pcd_ex.o
 .debug_abbrev  0x00000c15      0x2be Drivers\STM32L0xx_HAL_Driver\Src\stm32l0xx_hal_rcc.o
 .debug_abbrev  0x00000ed3      0x22a Drivers\STM32L0xx_HAL_Driver\Src\stm32l0xx_hal_rcc_ex.o
 .debug_abbrev  0x000010fd      0x35a Drivers\STM32L0xx_HAL_Driver\Src\stm32l0xx_ll_usb.o
 .debug_abbrev  0x00001457      0x2f5 Middlewares\ST\STM32_USB_Device_Library\Class\CDC\Src\usbd_cdc.o
 .debug_abbrev  0x0000174c      0x333 Middlewares\ST\STM32_USB_Device_Library\Core\Src\usbd_core.o
 .debug_abbrev  0x00001a7f      0x397 Middlewares\ST\STM32_USB_Device_Library\Core\Src\usbd_ctlreq.o
 .debug_abbrev  0x00001e16      0x1e9 Middlewares\ST\STM32_USB_Device_Library\Core\Src\usbd_ioreq.o
 .debug_abbrev  0x00001fff      0x29d Src\main.o
 .debug_abbrev  0x0000229c       0xc9 Src\stm32l0xx_hal_msp.o
 .debug_abbrev  0x00002365      0x19e Src\stm32l0xx_it.o
 .debug_abbrev  0x00002503      0x10e Src\system_stm32l0xx.o
 .debug_abbrev  0x00002611      0x1f0 Src\usb_device.o
 .debug_abbrev  0x00002801      0x2fc Src\usbd_cdc_if.o
 .debug_abbrev  0x00002afd      0x2e5 Src\usbd_conf.o
 .debug_abbrev  0x00002de2      0x279 Src\usbd_desc.o
 .debug_abbrev  0x0000305b       0x12 startup\startup_stm32l053xx.o

.debug_loc      0x00000000     0x564c
 .debug_loc     0x00000000      0x13d Drivers\STM32L0xx_HAL_Driver\Src\stm32l0xx_hal.o
 .debug_loc     0x0000013d      0x3ed Drivers\STM32L0xx_HAL_Driver\Src\stm32l0xx_hal_cortex.o
 .debug_loc     0x0000052a      0x2ea Drivers\STM32L0xx_HAL_Driver\Src\stm32l0xx_hal_gpio.o
 .debug_loc     0x00000814      0x9ce Drivers\STM32L0xx_HAL_Driver\Src\stm32l0xx_hal_pcd.o
 .debug_loc     0x000011e2      0x281 Drivers\STM32L0xx_HAL_Driver\Src\stm32l0xx_hal_pcd_ex.o
 .debug_loc     0x00001463      0x561 Drivers\STM32L0xx_HAL_Driver\Src\stm32l0xx_hal_rcc.o
 .debug_loc     0x000019c4      0x5da Drivers\STM32L0xx_HAL_Driver\Src\stm32l0xx_hal_rcc_ex.o
 .debug_loc     0x00001f9e     0x1369 Drivers\STM32L0xx_HAL_Driver\Src\stm32l0xx_ll_usb.o
 .debug_loc     0x00003307      0x563 Middlewares\ST\STM32_USB_Device_Library\Class\CDC\Src\usbd_cdc.o
 .debug_loc     0x0000386a      0x642 Middlewares\ST\STM32_USB_Device_Library\Core\Src\usbd_core.o
 .debug_loc     0x00003eac      0x6de Middlewares\ST\STM32_USB_Device_Library\Core\Src\usbd_ctlreq.o
 .debug_loc     0x0000458a      0x23c Middlewares\ST\STM32_USB_Device_Library\Core\Src\usbd_ioreq.o
 .debug_loc     0x000047c6      0x15b Src\system_stm32l0xx.o
 .debug_loc     0x00004921      0x11a Src\usbd_cdc_if.o
 .debug_loc     0x00004a3b      0x99e Src\usbd_conf.o
 .debug_loc     0x000053d9      0x273 Src\usbd_desc.o

.debug_aranges  0x00000000      0x960
 .debug_aranges
                0x00000000       0xf0 Drivers\STM32L0xx_HAL_Driver\Src\stm32l0xx_hal.o
 .debug_aranges
                0x000000f0       0x90 Drivers\STM32L0xx_HAL_Driver\Src\stm32l0xx_hal_cortex.o
 .debug_aranges
                0x00000180       0x58 Drivers\STM32L0xx_HAL_Driver\Src\stm32l0xx_hal_gpio.o
 .debug_aranges
                0x000001d8       0xc0 Drivers\STM32L0xx_HAL_Driver\Src\stm32l0xx_hal_pcd.o
 .debug_aranges
                0x00000298       0x50 Drivers\STM32L0xx_HAL_Driver\Src\stm32l0xx_hal_pcd_ex.o
 .debug_aranges
                0x000002e8       0x80 Drivers\STM32L0xx_HAL_Driver\Src\stm32l0xx_hal_rcc.o
 .debug_aranges
                0x00000368       0x98 Drivers\STM32L0xx_HAL_Driver\Src\stm32l0xx_hal_rcc_ex.o
 .debug_aranges
                0x00000400       0xf0 Drivers\STM32L0xx_HAL_Driver\Src\stm32l0xx_ll_usb.o
 .debug_aranges
                0x000004f0       0x90 Middlewares\ST\STM32_USB_Device_Library\Class\CDC\Src\usbd_cdc.o
 .debug_aranges
                0x00000580       0xa8 Middlewares\ST\STM32_USB_Device_Library\Core\Src\usbd_core.o
 .debug_aranges
                0x00000628       0x50 Middlewares\ST\STM32_USB_Device_Library\Core\Src\usbd_ctlreq.o
 .debug_aranges
                0x00000678       0x50 Middlewares\ST\STM32_USB_Device_Library\Core\Src\usbd_ioreq.o
 .debug_aranges
                0x000006c8       0x30 Src\main.o
 .debug_aranges
                0x000006f8       0x20 Src\stm32l0xx_hal_msp.o
 .debug_aranges
                0x00000718       0x38 Src\stm32l0xx_it.o
 .debug_aranges
                0x00000750       0x28 Src\system_stm32l0xx.o
 .debug_aranges
                0x00000778       0x20 Src\usb_device.o
 .debug_aranges
                0x00000798       0x40 Src\usbd_cdc_if.o
 .debug_aranges
                0x000007d8      0x110 Src\usbd_conf.o
 .debug_aranges
                0x000008e8       0x50 Src\usbd_desc.o
 .debug_aranges
                0x00000938       0x28 startup\startup_stm32l053xx.o

.debug_ranges   0x00000000      0xdf0
 .debug_ranges  0x00000000       0xe0 Drivers\STM32L0xx_HAL_Driver\Src\stm32l0xx_hal.o
 .debug_ranges  0x000000e0      0x138 Drivers\STM32L0xx_HAL_Driver\Src\stm32l0xx_hal_cortex.o
 .debug_ranges  0x00000218       0x48 Drivers\STM32L0xx_HAL_Driver\Src\stm32l0xx_hal_gpio.o
 .debug_ranges  0x00000260      0x180 Drivers\STM32L0xx_HAL_Driver\Src\stm32l0xx_hal_pcd.o
 .debug_ranges  0x000003e0       0x40 Drivers\STM32L0xx_HAL_Driver\Src\stm32l0xx_hal_pcd_ex.o
 .debug_ranges  0x00000420       0xb8 Drivers\STM32L0xx_HAL_Driver\Src\stm32l0xx_hal_rcc.o
 .debug_ranges  0x000004d8       0xa8 Drivers\STM32L0xx_HAL_Driver\Src\stm32l0xx_hal_rcc_ex.o
 .debug_ranges  0x00000580      0x390 Drivers\STM32L0xx_HAL_Driver\Src\stm32l0xx_ll_usb.o
 .debug_ranges  0x00000910       0x80 Middlewares\ST\STM32_USB_Device_Library\Class\CDC\Src\usbd_cdc.o
 .debug_ranges  0x00000990       0x98 Middlewares\ST\STM32_USB_Device_Library\Core\Src\usbd_core.o
 .debug_ranges  0x00000a28       0xb8 Middlewares\ST\STM32_USB_Device_Library\Core\Src\usbd_ctlreq.o
 .debug_ranges  0x00000ae0       0x40 Middlewares\ST\STM32_USB_Device_Library\Core\Src\usbd_ioreq.o
 .debug_ranges  0x00000b20       0x80 Src\main.o
 .debug_ranges  0x00000ba0       0x10 Src\stm32l0xx_hal_msp.o
 .debug_ranges  0x00000bb0       0x28 Src\stm32l0xx_it.o
 .debug_ranges  0x00000bd8       0x18 Src\system_stm32l0xx.o
 .debug_ranges  0x00000bf0       0x10 Src\usb_device.o
 .debug_ranges  0x00000c00       0x30 Src\usbd_cdc_if.o
 .debug_ranges  0x00000c30      0x100 Src\usbd_conf.o
 .debug_ranges  0x00000d30       0xa0 Src\usbd_desc.o
 .debug_ranges  0x00000dd0       0x20 startup\startup_stm32l053xx.o

.debug_line     0x00000000     0x55bb
 .debug_line    0x00000000      0x45d Drivers\STM32L0xx_HAL_Driver\Src\stm32l0xx_hal.o
 .debug_line    0x0000045d      0x43a Drivers\STM32L0xx_HAL_Driver\Src\stm32l0xx_hal_cortex.o
 .debug_line    0x00000897      0x3b8 Drivers\STM32L0xx_HAL_Driver\Src\stm32l0xx_hal_gpio.o
 .debug_line    0x00000c4f      0x663 Drivers\STM32L0xx_HAL_Driver\Src\stm32l0xx_hal_pcd.o
 .debug_line    0x000012b2      0x2f2 Drivers\STM32L0xx_HAL_Driver\Src\stm32l0xx_hal_pcd_ex.o
 .debug_line    0x000015a4      0x595 Drivers\STM32L0xx_HAL_Driver\Src\stm32l0xx_hal_rcc.o
 .debug_line    0x00001b39      0x55a Drivers\STM32L0xx_HAL_Driver\Src\stm32l0xx_hal_rcc_ex.o
 .debug_line    0x00002093      0x5fc Drivers\STM32L0xx_HAL_Driver\Src\stm32l0xx_ll_usb.o
 .debug_line    0x0000268f      0x5c3 Middlewares\ST\STM32_USB_Device_Library\Class\CDC\Src\usbd_cdc.o
 .debug_line    0x00002c52      0x55a Middlewares\ST\STM32_USB_Device_Library\Core\Src\usbd_core.o
 .debug_line    0x000031ac      0x4f6 Middlewares\ST\STM32_USB_Device_Library\Core\Src\usbd_ctlreq.o
 .debug_line    0x000036a2      0x3a1 Middlewares\ST\STM32_USB_Device_Library\Core\Src\usbd_ioreq.o
 .debug_line    0x00003a43      0x38b Src\main.o
 .debug_line    0x00003dce      0x1c2 Src\stm32l0xx_hal_msp.o
 .debug_line    0x00003f90      0x22f Src\stm32l0xx_it.o
 .debug_line    0x000041bf      0x22f Src\system_stm32l0xx.o
 .debug_line    0x000043ee      0x366 Src\usb_device.o
 .debug_line    0x00004754      0x3c7 Src\usbd_cdc_if.o
 .debug_line    0x00004b1b      0x697 Src\usbd_conf.o
 .debug_line    0x000051b2      0x386 Src\usbd_desc.o
 .debug_line    0x00005538       0x83 startup\startup_stm32l053xx.o

.debug_str      0x00000000     0x314d
 .debug_str     0x00000000      0x798 Drivers\STM32L0xx_HAL_Driver\Src\stm32l0xx_hal.o
                                0x7ea (size before relaxing)
 .debug_str     0x00000798      0x2f4 Drivers\STM32L0xx_HAL_Driver\Src\stm32l0xx_hal_cortex.o
                                0x76d (size before relaxing)
 .debug_str     0x00000a8c      0x1a3 Drivers\STM32L0xx_HAL_Driver\Src\stm32l0xx_hal_gpio.o
                                0x4be (size before relaxing)
 .debug_str     0x00000c2f      0x816 Drivers\STM32L0xx_HAL_Driver\Src\stm32l0xx_hal_pcd.o
                                0xab2 (size before relaxing)
 .debug_str     0x00001445      0x183 Drivers\STM32L0xx_HAL_Driver\Src\stm32l0xx_hal_pcd_ex.o
                                0x7c5 (size before relaxing)
 .debug_str     0x000015c8      0x335 Drivers\STM32L0xx_HAL_Driver\Src\stm32l0xx_hal_rcc.o
                                0x716 (size before relaxing)
 .debug_str     0x000018fd      0x454 Drivers\STM32L0xx_HAL_Driver\Src\stm32l0xx_hal_rcc_ex.o
                                0x802 (size before relaxing)
 .debug_str     0x00001d51      0x1e8 Drivers\STM32L0xx_HAL_Driver\Src\stm32l0xx_ll_usb.o
                                0x795 (size before relaxing)
 .debug_str     0x00001f39      0xa45 Middlewares\ST\STM32_USB_Device_Library\Class\CDC\Src\usbd_cdc.o
                               0x10b2 (size before relaxing)
 .debug_str     0x0000297e      0x2a0 Middlewares\ST\STM32_USB_Device_Library\Core\Src\usbd_core.o
                                0xcb3 (size before relaxing)
 .debug_str     0x00002c1e      0x120 Middlewares\ST\STM32_USB_Device_Library\Core\Src\usbd_ctlreq.o
                                0xbcd (size before relaxing)
 .debug_str     0x00002d3e       0x51 Middlewares\ST\STM32_USB_Device_Library\Core\Src\usbd_ioreq.o
                                0xafa (size before relaxing)
 .debug_str     0x00002d8f       0x7c Src\main.o
                                0xa79 (size before relaxing)
 .debug_str     0x00002e0b       0x1b Src\stm32l0xx_hal_msp.o
                                0x2ac (size before relaxing)
 .debug_str     0x00002e26       0x7a Src\stm32l0xx_it.o
                                0x60f (size before relaxing)
 .debug_str     0x00002ea0       0x4e Src\system_stm32l0xx.o
                                0x310 (size before relaxing)
 .debug_str     0x00002eee       0x40 Src\usb_device.o
                                0xa93 (size before relaxing)
 .debug_str     0x00002f2e       0x7b Src\usbd_cdc_if.o
                                0xbea (size before relaxing)
 .debug_str     0x00002fa9       0x96 Src\usbd_conf.o
                               0x1540 (size before relaxing)
 .debug_str     0x0000303f      0x10e Src\usbd_desc.o
                                0x866 (size before relaxing)

.comment        0x00000000       0x7c
 .comment       0x00000000       0x7c Drivers\STM32L0xx_HAL_Driver\Src\stm32l0xx_hal.o
                                 0x7d (size before relaxing)
 .comment       0x0000007c       0x7d Drivers\STM32L0xx_HAL_Driver\Src\stm32l0xx_hal_cortex.o
 .comment       0x0000007c       0x7d Drivers\STM32L0xx_HAL_Driver\Src\stm32l0xx_hal_gpio.o
 .comment       0x0000007c       0x7d Drivers\STM32L0xx_HAL_Driver\Src\stm32l0xx_hal_pcd.o
 .comment       0x0000007c       0x7d Drivers\STM32L0xx_HAL_Driver\Src\stm32l0xx_hal_pcd_ex.o
 .comment       0x0000007c       0x7d Drivers\STM32L0xx_HAL_Driver\Src\stm32l0xx_hal_rcc.o
 .comment       0x0000007c       0x7d Drivers\STM32L0xx_HAL_Driver\Src\stm32l0xx_hal_rcc_ex.o
 .comment       0x0000007c       0x7d Drivers\STM32L0xx_HAL_Driver\Src\stm32l0xx_ll_usb.o
 .comment       0x0000007c       0x7d Middlewares\ST\STM32_USB_Device_Library\Class\CDC\Src\usbd_cdc.o
 .comment       0x0000007c       0x7d Middlewares\ST\STM32_USB_Device_Library\Core\Src\usbd_core.o
 .comment       0x0000007c       0x7d Middlewares\ST\STM32_USB_Device_Library\Core\Src\usbd_ctlreq.o
 .comment       0x0000007c       0x7d Middlewares\ST\STM32_USB_Device_Library\Core\Src\usbd_ioreq.o
 .comment       0x0000007c       0x7d Src\main.o
 .comment       0x0000007c       0x7d Src\stm32l0xx_hal_msp.o
 .comment       0x0000007c       0x7d Src\stm32l0xx_it.o
 .comment       0x0000007c       0x7d Src\system_stm32l0xx.o
 .comment       0x0000007c       0x7d Src\usb_device.o
 .comment       0x0000007c       0x7d Src\usbd_cdc_if.o
 .comment       0x0000007c       0x7d Src\usbd_conf.o
 .comment       0x0000007c       0x7d Src\usbd_desc.o

.debug_frame    0x00000000     0x1708
 .debug_frame   0x00000000      0x1f8 Drivers\STM32L0xx_HAL_Driver\Src\stm32l0xx_hal.o
 .debug_frame   0x000001f8      0x11c Drivers\STM32L0xx_HAL_Driver\Src\stm32l0xx_hal_cortex.o
 .debug_frame   0x00000314       0xbc Drivers\STM32L0xx_HAL_Driver\Src\stm32l0xx_hal_gpio.o
 .debug_frame   0x000003d0      0x2d8 Drivers\STM32L0xx_HAL_Driver\Src\stm32l0xx_hal_pcd.o
 .debug_frame   0x000006a8       0xb4 Drivers\STM32L0xx_HAL_Driver\Src\stm32l0xx_hal_pcd_ex.o
 .debug_frame   0x0000075c      0x148 Drivers\STM32L0xx_HAL_Driver\Src\stm32l0xx_hal_rcc.o
 .debug_frame   0x000008a4      0x18c Drivers\STM32L0xx_HAL_Driver\Src\stm32l0xx_hal_rcc_ex.o
 .debug_frame   0x00000a30      0x258 Drivers\STM32L0xx_HAL_Driver\Src\stm32l0xx_ll_usb.o
 .debug_frame   0x00000c88      0x170 Middlewares\ST\STM32_USB_Device_Library\Class\CDC\Src\usbd_cdc.o
 .debug_frame   0x00000df8      0x1c4 Middlewares\ST\STM32_USB_Device_Library\Core\Src\usbd_core.o
 .debug_frame   0x00000fbc       0xc4 Middlewares\ST\STM32_USB_Device_Library\Core\Src\usbd_ctlreq.o
 .debug_frame   0x00001080       0xb8 Middlewares\ST\STM32_USB_Device_Library\Core\Src\usbd_ioreq.o
 .debug_frame   0x00001138       0x5c Src\main.o
 .debug_frame   0x00001194       0x20 Src\stm32l0xx_hal_msp.o
 .debug_frame   0x000011b4       0x80 Src\stm32l0xx_it.o
 .debug_frame   0x00001234       0x3c Src\system_stm32l0xx.o
 .debug_frame   0x00001270       0x28 Src\usb_device.o
 .debug_frame   0x00001298       0x7c Src\usbd_cdc_if.o
 .debug_frame   0x00001314      0x2e0 Src\usbd_conf.o
 .debug_frame   0x000015f4       0xa8 Src\usbd_desc.o
 .debug_frame   0x0000169c       0x2c c:/program files (x86)/atollic/truestudio for stm32 9.2.0/armtools/bin/../lib/gcc/arm-atollic-eabi/6.3.1/../../../../arm-atollic-eabi/lib/armv6-m\libc_nano.a(lib_a-init.o)
 .debug_frame   0x000016c8       0x20 c:/program files (x86)/atollic/truestudio for stm32 9.2.0/armtools/bin/../lib/gcc/arm-atollic-eabi/6.3.1/../../../../arm-atollic-eabi/lib/armv6-m\libc_nano.a(lib_a-memset.o)
 .debug_frame   0x000016e8       0x20 c:/program files (x86)/atollic/truestudio for stm32 9.2.0/armtools/bin/../lib/gcc/arm-atollic-eabi/6.3.1/armv6-m\libgcc.a(_udivsi3.o)
